// Vitest Snapshot v1, https://vitest.dev/guide/snapshot.html

exports[`SearchPage > should call search action with name and strength parameters 1`] = `
<div>
  <div
    data-testid="custom-head"
  />
  <nav
    aria-label="breadcrumb"
    class="my-5"
    data-slot="breadcrumb"
  >
    <ol
      class="text-muted-foreground flex flex-wrap items-center gap-1.5 text-sm break-words sm:gap-2.5"
      data-slot="breadcrumb-list"
    >
      <li
        class="inline-flex items-center gap-1.5"
        data-slot="breadcrumb-item"
      >
        <a
          class="hover:text-foreground transition-colors"
          data-discover="true"
          data-slot="breadcrumb-link"
          href="/"
        >
          Home
        </a>
      </li>
      <li
        aria-hidden="true"
        class="[&>svg]:size-3.5"
        data-slot="breadcrumb-separator"
        role="presentation"
      >
        <svg
          aria-hidden="true"
          class="lucide lucide-chevron-right"
          fill="none"
          height="24"
          stroke="currentColor"
          stroke-linecap="round"
          stroke-linejoin="round"
          stroke-width="2"
          viewBox="0 0 24 24"
          width="24"
          xmlns="http://www.w3.org/2000/svg"
        >
          <path
            d="m9 18 6-6-6-6"
          />
        </svg>
      </li>
      <li
        class="inline-flex items-center gap-1.5"
        data-slot="breadcrumb-item"
      >
        <a
          class="hover:text-foreground transition-colors"
          data-discover="true"
          data-slot="breadcrumb-link"
          href="/search"
        >
          Search
        </a>
      </li>
      <li
        aria-hidden="true"
        class="[&>svg]:size-3.5"
        data-slot="breadcrumb-separator"
        role="presentation"
      >
        <svg
          aria-hidden="true"
          class="lucide lucide-chevron-right"
          fill="none"
          height="24"
          stroke="currentColor"
          stroke-linecap="round"
          stroke-linejoin="round"
          stroke-width="2"
          viewBox="0 0 24 24"
          width="24"
          xmlns="http://www.w3.org/2000/svg"
        >
          <path
            d="m9 18 6-6-6-6"
          />
        </svg>
      </li>
      <li
        class="inline-flex items-center gap-1.5"
        data-slot="breadcrumb-item"
      >
        <a
          class="hover:text-foreground transition-colors"
          data-discover="true"
          data-slot="breadcrumb-link"
          href="/heroes/1"
        >
          Hero
        </a>
      </li>
      <li
        aria-hidden="true"
        class="[&>svg]:size-3.5"
        data-slot="breadcrumb-separator"
        role="presentation"
      >
        <svg
          aria-hidden="true"
          class="lucide lucide-chevron-right"
          fill="none"
          height="24"
          stroke="currentColor"
          stroke-linecap="round"
          stroke-linejoin="round"
          stroke-width="2"
          viewBox="0 0 24 24"
          width="24"
          xmlns="http://www.w3.org/2000/svg"
        >
          <path
            d="m9 18 6-6-6-6"
          />
        </svg>
      </li>
      <li
        class="inline-flex items-center gap-1.5"
        data-slot="breadcrumb-item"
      >
        <span
          aria-current="page"
          aria-disabled="true"
          class="text-foreground font-normal"
          data-slot="breadcrumb-page"
          role="link"
        >
          Search
        </span>
      </li>
    </ol>
  </nav>
  <div>
    Loading...
  </div>
  <div
    data-testid="search-controls"
  />
  <div
    data-testid="custom-hero-grid"
  />
</div>
`;

exports[`SearchPage > should call search action with name parameter 1`] = `
<div>
  <div
    data-testid="custom-head"
  />
  <nav
    aria-label="breadcrumb"
    class="my-5"
    data-slot="breadcrumb"
  >
    <ol
      class="text-muted-foreground flex flex-wrap items-center gap-1.5 text-sm break-words sm:gap-2.5"
      data-slot="breadcrumb-list"
    >
      <li
        class="inline-flex items-center gap-1.5"
        data-slot="breadcrumb-item"
      >
        <a
          class="hover:text-foreground transition-colors"
          data-discover="true"
          data-slot="breadcrumb-link"
          href="/"
        >
          Home
        </a>
      </li>
      <li
        aria-hidden="true"
        class="[&>svg]:size-3.5"
        data-slot="breadcrumb-separator"
        role="presentation"
      >
        <svg
          aria-hidden="true"
          class="lucide lucide-chevron-right"
          fill="none"
          height="24"
          stroke="currentColor"
          stroke-linecap="round"
          stroke-linejoin="round"
          stroke-width="2"
          viewBox="0 0 24 24"
          width="24"
          xmlns="http://www.w3.org/2000/svg"
        >
          <path
            d="m9 18 6-6-6-6"
          />
        </svg>
      </li>
      <li
        class="inline-flex items-center gap-1.5"
        data-slot="breadcrumb-item"
      >
        <a
          class="hover:text-foreground transition-colors"
          data-discover="true"
          data-slot="breadcrumb-link"
          href="/search"
        >
          Search
        </a>
      </li>
      <li
        aria-hidden="true"
        class="[&>svg]:size-3.5"
        data-slot="breadcrumb-separator"
        role="presentation"
      >
        <svg
          aria-hidden="true"
          class="lucide lucide-chevron-right"
          fill="none"
          height="24"
          stroke="currentColor"
          stroke-linecap="round"
          stroke-linejoin="round"
          stroke-width="2"
          viewBox="0 0 24 24"
          width="24"
          xmlns="http://www.w3.org/2000/svg"
        >
          <path
            d="m9 18 6-6-6-6"
          />
        </svg>
      </li>
      <li
        class="inline-flex items-center gap-1.5"
        data-slot="breadcrumb-item"
      >
        <a
          class="hover:text-foreground transition-colors"
          data-discover="true"
          data-slot="breadcrumb-link"
          href="/heroes/1"
        >
          Hero
        </a>
      </li>
      <li
        aria-hidden="true"
        class="[&>svg]:size-3.5"
        data-slot="breadcrumb-separator"
        role="presentation"
      >
        <svg
          aria-hidden="true"
          class="lucide lucide-chevron-right"
          fill="none"
          height="24"
          stroke="currentColor"
          stroke-linecap="round"
          stroke-linejoin="round"
          stroke-width="2"
          viewBox="0 0 24 24"
          width="24"
          xmlns="http://www.w3.org/2000/svg"
        >
          <path
            d="m9 18 6-6-6-6"
          />
        </svg>
      </li>
      <li
        class="inline-flex items-center gap-1.5"
        data-slot="breadcrumb-item"
      >
        <span
          aria-current="page"
          aria-disabled="true"
          class="text-foreground font-normal"
          data-slot="breadcrumb-page"
          role="link"
        >
          Search
        </span>
      </li>
    </ol>
  </nav>
  <div>
    Loading...
  </div>
  <div
    data-testid="search-controls"
  />
  <div
    data-testid="custom-hero-grid"
  />
</div>
`;

exports[`SearchPage > should call search action with strength parameter 1`] = `
<div>
  <div
    data-testid="custom-head"
  />
  <nav
    aria-label="breadcrumb"
    class="my-5"
    data-slot="breadcrumb"
  >
    <ol
      class="text-muted-foreground flex flex-wrap items-center gap-1.5 text-sm break-words sm:gap-2.5"
      data-slot="breadcrumb-list"
    >
      <li
        class="inline-flex items-center gap-1.5"
        data-slot="breadcrumb-item"
      >
        <a
          class="hover:text-foreground transition-colors"
          data-discover="true"
          data-slot="breadcrumb-link"
          href="/"
        >
          Home
        </a>
      </li>
      <li
        aria-hidden="true"
        class="[&>svg]:size-3.5"
        data-slot="breadcrumb-separator"
        role="presentation"
      >
        <svg
          aria-hidden="true"
          class="lucide lucide-chevron-right"
          fill="none"
          height="24"
          stroke="currentColor"
          stroke-linecap="round"
          stroke-linejoin="round"
          stroke-width="2"
          viewBox="0 0 24 24"
          width="24"
          xmlns="http://www.w3.org/2000/svg"
        >
          <path
            d="m9 18 6-6-6-6"
          />
        </svg>
      </li>
      <li
        class="inline-flex items-center gap-1.5"
        data-slot="breadcrumb-item"
      >
        <a
          class="hover:text-foreground transition-colors"
          data-discover="true"
          data-slot="breadcrumb-link"
          href="/search"
        >
          Search
        </a>
      </li>
      <li
        aria-hidden="true"
        class="[&>svg]:size-3.5"
        data-slot="breadcrumb-separator"
        role="presentation"
      >
        <svg
          aria-hidden="true"
          class="lucide lucide-chevron-right"
          fill="none"
          height="24"
          stroke="currentColor"
          stroke-linecap="round"
          stroke-linejoin="round"
          stroke-width="2"
          viewBox="0 0 24 24"
          width="24"
          xmlns="http://www.w3.org/2000/svg"
        >
          <path
            d="m9 18 6-6-6-6"
          />
        </svg>
      </li>
      <li
        class="inline-flex items-center gap-1.5"
        data-slot="breadcrumb-item"
      >
        <a
          class="hover:text-foreground transition-colors"
          data-discover="true"
          data-slot="breadcrumb-link"
          href="/heroes/1"
        >
          Hero
        </a>
      </li>
      <li
        aria-hidden="true"
        class="[&>svg]:size-3.5"
        data-slot="breadcrumb-separator"
        role="presentation"
      >
        <svg
          aria-hidden="true"
          class="lucide lucide-chevron-right"
          fill="none"
          height="24"
          stroke="currentColor"
          stroke-linecap="round"
          stroke-linejoin="round"
          stroke-width="2"
          viewBox="0 0 24 24"
          width="24"
          xmlns="http://www.w3.org/2000/svg"
        >
          <path
            d="m9 18 6-6-6-6"
          />
        </svg>
      </li>
      <li
        class="inline-flex items-center gap-1.5"
        data-slot="breadcrumb-item"
      >
        <span
          aria-current="page"
          aria-disabled="true"
          class="text-foreground font-normal"
          data-slot="breadcrumb-page"
          role="link"
        >
          Search
        </span>
      </li>
    </ol>
  </nav>
  <div>
    Loading...
  </div>
  <div
    data-testid="search-controls"
  />
  <div
    data-testid="custom-hero-grid"
  />
</div>
`;

exports[`SearchPage > should render SearchPage with default values 1`] = `
<div>
  <div
    data-testid="custom-head"
  />
  <nav
    aria-label="breadcrumb"
    class="my-5"
    data-slot="breadcrumb"
  >
    <ol
      class="text-muted-foreground flex flex-wrap items-center gap-1.5 text-sm break-words sm:gap-2.5"
      data-slot="breadcrumb-list"
    >
      <li
        class="inline-flex items-center gap-1.5"
        data-slot="breadcrumb-item"
      >
        <a
          class="hover:text-foreground transition-colors"
          data-discover="true"
          data-slot="breadcrumb-link"
          href="/"
        >
          Home
        </a>
      </li>
      <li
        aria-hidden="true"
        class="[&>svg]:size-3.5"
        data-slot="breadcrumb-separator"
        role="presentation"
      >
        <svg
          aria-hidden="true"
          class="lucide lucide-chevron-right"
          fill="none"
          height="24"
          stroke="currentColor"
          stroke-linecap="round"
          stroke-linejoin="round"
          stroke-width="2"
          viewBox="0 0 24 24"
          width="24"
          xmlns="http://www.w3.org/2000/svg"
        >
          <path
            d="m9 18 6-6-6-6"
          />
        </svg>
      </li>
      <li
        class="inline-flex items-center gap-1.5"
        data-slot="breadcrumb-item"
      >
        <a
          class="hover:text-foreground transition-colors"
          data-discover="true"
          data-slot="breadcrumb-link"
          href="/search"
        >
          Search
        </a>
      </li>
      <li
        aria-hidden="true"
        class="[&>svg]:size-3.5"
        data-slot="breadcrumb-separator"
        role="presentation"
      >
        <svg
          aria-hidden="true"
          class="lucide lucide-chevron-right"
          fill="none"
          height="24"
          stroke="currentColor"
          stroke-linecap="round"
          stroke-linejoin="round"
          stroke-width="2"
          viewBox="0 0 24 24"
          width="24"
          xmlns="http://www.w3.org/2000/svg"
        >
          <path
            d="m9 18 6-6-6-6"
          />
        </svg>
      </li>
      <li
        class="inline-flex items-center gap-1.5"
        data-slot="breadcrumb-item"
      >
        <a
          class="hover:text-foreground transition-colors"
          data-discover="true"
          data-slot="breadcrumb-link"
          href="/heroes/1"
        >
          Hero
        </a>
      </li>
      <li
        aria-hidden="true"
        class="[&>svg]:size-3.5"
        data-slot="breadcrumb-separator"
        role="presentation"
      >
        <svg
          aria-hidden="true"
          class="lucide lucide-chevron-right"
          fill="none"
          height="24"
          stroke="currentColor"
          stroke-linecap="round"
          stroke-linejoin="round"
          stroke-width="2"
          viewBox="0 0 24 24"
          width="24"
          xmlns="http://www.w3.org/2000/svg"
        >
          <path
            d="m9 18 6-6-6-6"
          />
        </svg>
      </li>
      <li
        class="inline-flex items-center gap-1.5"
        data-slot="breadcrumb-item"
      >
        <span
          aria-current="page"
          aria-disabled="true"
          class="text-foreground font-normal"
          data-slot="breadcrumb-page"
          role="link"
        >
          Search
        </span>
      </li>
    </ol>
  </nav>
  <div>
    Loading...
  </div>
  <div
    data-testid="search-controls"
  />
  <div
    data-testid="custom-hero-grid"
  />
</div>
`;
